2025-10-10 07:58:33,499 - INFO - ✅ cuDNN autotuner enabled
2025-10-10 07:58:33,520 - INFO - 🚀 Using GPU: Tesla T4
2025-10-10 07:58:33,520 - INFO - 📊 GPU Memory: 15.83 GB
2025-10-10 07:58:33,520 - INFO - 🔢 CUDA Version: 12.6
2025-10-10 07:58:33,520 - INFO - Preparing GPU-optimized data loaders...
2025-10-10 07:58:55,397 - INFO - Creating resnet34 model...
2025-10-10 07:58:55,856 - INFO - Total parameters: 21,328,292
2025-10-10 07:58:55,856 - INFO - Model size: 81.36 MB
2025-10-10 07:58:55,856 - INFO - ✅ Automatic Mixed Precision (FP16) enabled
2025-10-10 07:58:55,857 - INFO - 
============================================================
2025-10-10 07:58:55,857 - INFO - GPU-Optimized Training Configuration
2025-10-10 07:58:55,857 - INFO - ============================================================
2025-10-10 07:58:55,857 - INFO - Model: resnet34
2025-10-10 07:58:55,857 - INFO - Device: cuda
2025-10-10 07:58:55,857 - INFO - Multi-GPU: False
2025-10-10 07:58:55,857 - INFO - Mixed Precision (AMP): True
2025-10-10 07:58:55,857 - INFO - Gradient Accumulation: 1x
2025-10-10 07:58:55,857 - INFO - cuDNN Benchmark: True
2025-10-10 07:58:55,857 - INFO - Channels Last: False
2025-10-10 07:58:55,857 - INFO - Effective Batch Size: 128
2025-10-10 07:58:55,857 - INFO - ============================================================

2025-10-10 07:58:55,857 - INFO - 🚀 Starting GPU-optimized training for 100 epochs...

2025-10-10 07:59:49,316 - INFO - 
Epoch 1/100
2025-10-10 07:59:49,317 - INFO - Train Loss: 4.3054 | Train Acc: 5.60%
2025-10-10 07:59:49,317 - INFO - Test Loss: 3.9354 | Test Acc: 10.19%
2025-10-10 07:59:49,317 - INFO - Learning Rate: 0.097553
2025-10-10 07:59:49,317 - INFO - GPU Memory: 1.92GB allocated
2025-10-10 07:59:49,553 - INFO - ✨ New best accuracy: 10.19%
2025-10-10 07:59:49,553 - INFO - ------------------------------------------------------------

2025-10-10 08:00:30,185 - INFO - 
Epoch 2/100
2025-10-10 08:00:30,185 - INFO - Train Loss: 3.7773 | Train Acc: 14.89%
2025-10-10 08:00:30,185 - INFO - Test Loss: 3.4817 | Test Acc: 21.37%
2025-10-10 08:00:30,185 - INFO - Learning Rate: 0.090451
2025-10-10 08:00:30,185 - INFO - GPU Memory: 0.78GB allocated
2025-10-10 08:00:30,662 - INFO - ✨ New best accuracy: 21.37%
2025-10-10 08:00:30,662 - INFO - ------------------------------------------------------------

2025-10-10 08:01:10,531 - INFO - 
Epoch 3/100
2025-10-10 08:01:10,531 - INFO - Train Loss: 3.4000 | Train Acc: 23.22%
2025-10-10 08:01:10,531 - INFO - Test Loss: 3.2693 | Test Acc: 26.91%
2025-10-10 08:01:10,531 - INFO - Learning Rate: 0.079389
2025-10-10 08:01:10,531 - INFO - GPU Memory: 0.78GB allocated
2025-10-10 08:01:10,901 - INFO - ✨ New best accuracy: 26.91%
2025-10-10 08:01:10,901 - INFO - ------------------------------------------------------------

2025-10-10 08:01:51,374 - INFO - 
Epoch 4/100
2025-10-10 08:01:51,374 - INFO - Train Loss: 3.0230 | Train Acc: 32.63%
2025-10-10 08:01:51,374 - INFO - Test Loss: 2.7936 | Test Acc: 37.23%
2025-10-10 08:01:51,374 - INFO - Learning Rate: 0.065451
2025-10-10 08:01:51,374 - INFO - GPU Memory: 0.78GB allocated
2025-10-10 08:01:51,651 - INFO - ✨ New best accuracy: 37.23%
2025-10-10 08:01:51,651 - INFO - ------------------------------------------------------------

2025-10-10 08:02:30,929 - INFO - 
Epoch 5/100
2025-10-10 08:02:30,929 - INFO - Train Loss: 2.7400 | Train Acc: 39.42%
2025-10-10 08:02:30,929 - INFO - Test Loss: 2.6814 | Test Acc: 41.42%
2025-10-10 08:02:30,929 - INFO - Learning Rate: 0.050001
2025-10-10 08:02:30,930 - INFO - GPU Memory: 0.78GB allocated
2025-10-10 08:02:31,213 - INFO - ✨ New best accuracy: 41.42%
2025-10-10 08:02:31,213 - INFO - ------------------------------------------------------------

2025-10-10 08:03:10,532 - INFO - 
Epoch 6/100
2025-10-10 08:03:10,532 - INFO - Train Loss: 2.5090 | Train Acc: 45.88%
2025-10-10 08:03:10,532 - INFO - Test Loss: 2.4931 | Test Acc: 47.20%
2025-10-10 08:03:10,532 - INFO - Learning Rate: 0.034550
2025-10-10 08:03:10,533 - INFO - GPU Memory: 0.78GB allocated
2025-10-10 08:03:10,802 - INFO - ✨ New best accuracy: 47.20%
2025-10-10 08:03:10,802 - INFO - ------------------------------------------------------------

2025-10-10 08:03:50,171 - INFO - 
Epoch 7/100
2025-10-10 08:03:50,171 - INFO - Train Loss: 2.2959 | Train Acc: 52.10%
2025-10-10 08:03:50,171 - INFO - Test Loss: 2.2630 | Test Acc: 53.06%
2025-10-10 08:03:50,171 - INFO - Learning Rate: 0.020612
2025-10-10 08:03:50,171 - INFO - GPU Memory: 0.78GB allocated
2025-10-10 08:03:50,430 - INFO - ✨ New best accuracy: 53.06%
2025-10-10 08:03:50,430 - INFO - ------------------------------------------------------------

2025-10-10 08:04:29,944 - INFO - 
Epoch 8/100
2025-10-10 08:04:29,944 - INFO - Train Loss: 2.1081 | Train Acc: 57.96%
2025-10-10 08:04:29,944 - INFO - Test Loss: 2.1214 | Test Acc: 57.18%
2025-10-10 08:04:29,944 - INFO - Learning Rate: 0.009550
2025-10-10 08:04:29,945 - INFO - GPU Memory: 0.78GB allocated
2025-10-10 08:04:30,200 - INFO - ✨ New best accuracy: 57.18%
2025-10-10 08:04:30,200 - INFO - ------------------------------------------------------------

2025-10-10 08:05:09,939 - INFO - 
Epoch 9/100
2025-10-10 08:05:09,939 - INFO - Train Loss: 1.9314 | Train Acc: 63.67%
2025-10-10 08:05:09,939 - INFO - Test Loss: 2.0166 | Test Acc: 60.64%
2025-10-10 08:05:09,939 - INFO - Learning Rate: 0.002448
2025-10-10 08:05:09,939 - INFO - GPU Memory: 0.78GB allocated
2025-10-10 08:05:10,201 - INFO - ✨ New best accuracy: 60.64%
2025-10-10 08:05:10,202 - INFO - ------------------------------------------------------------

2025-10-10 08:05:50,197 - INFO - 
Epoch 10/100
2025-10-10 08:05:50,197 - INFO - Train Loss: 1.8092 | Train Acc: 67.70%
2025-10-10 08:05:50,198 - INFO - Test Loss: 1.9331 | Test Acc: 63.27%
2025-10-10 08:05:50,198 - INFO - Learning Rate: 0.100000
2025-10-10 08:05:50,198 - INFO - GPU Memory: 0.78GB allocated
2025-10-10 08:05:50,451 - INFO - ✨ New best accuracy: 63.27%
2025-10-10 08:05:52,084 - INFO - ------------------------------------------------------------

2025-10-10 08:06:31,923 - INFO - 
Epoch 11/100
2025-10-10 08:06:31,923 - INFO - Train Loss: 2.5021 | Train Acc: 45.96%
2025-10-10 08:06:31,923 - INFO - Test Loss: 2.4756 | Test Acc: 47.49%
2025-10-10 08:06:31,923 - INFO - Learning Rate: 0.099384
2025-10-10 08:06:31,923 - INFO - GPU Memory: 0.78GB allocated
2025-10-10 08:06:31,924 - INFO - ------------------------------------------------------------

2025-10-10 08:07:11,877 - INFO - 
Epoch 12/100
2025-10-10 08:07:11,877 - INFO - Train Loss: 2.3337 | Train Acc: 50.75%
2025-10-10 08:07:11,877 - INFO - Test Loss: 2.3410 | Test Acc: 50.90%
2025-10-10 08:07:11,878 - INFO - Learning Rate: 0.097553
2025-10-10 08:07:11,878 - INFO - GPU Memory: 0.78GB allocated
2025-10-10 08:07:11,878 - INFO - ------------------------------------------------------------

2025-10-10 08:07:51,567 - INFO - 
Epoch 13/100
2025-10-10 08:07:51,568 - INFO - Train Loss: 2.2425 | Train Acc: 53.69%
2025-10-10 08:07:51,568 - INFO - Test Loss: 2.2638 | Test Acc: 52.92%
2025-10-10 08:07:51,568 - INFO - Learning Rate: 0.094550
2025-10-10 08:07:51,568 - INFO - GPU Memory: 0.78GB allocated
2025-10-10 08:07:51,568 - INFO - ------------------------------------------------------------

2025-10-10 08:08:31,559 - INFO - 
Epoch 14/100
2025-10-10 08:08:31,560 - INFO - Train Loss: 2.1642 | Train Acc: 55.95%
2025-10-10 08:08:31,560 - INFO - Test Loss: 2.3018 | Test Acc: 52.40%
2025-10-10 08:08:31,560 - INFO - Learning Rate: 0.090451
2025-10-10 08:08:31,560 - INFO - GPU Memory: 0.78GB allocated
2025-10-10 08:08:31,560 - INFO - ------------------------------------------------------------

2025-10-10 08:09:11,971 - INFO - 
Epoch 15/100
2025-10-10 08:09:11,971 - INFO - Train Loss: 2.1040 | Train Acc: 57.52%
2025-10-10 08:09:11,971 - INFO - Test Loss: 2.2182 | Test Acc: 55.43%
2025-10-10 08:09:11,972 - INFO - Learning Rate: 0.085355
2025-10-10 08:09:11,972 - INFO - GPU Memory: 0.78GB allocated
2025-10-10 08:09:11,972 - INFO - ------------------------------------------------------------

2025-10-10 08:09:51,845 - INFO - 
Epoch 16/100
2025-10-10 08:09:51,845 - INFO - Train Loss: 2.0467 | Train Acc: 59.54%
2025-10-10 08:09:51,845 - INFO - Test Loss: 2.1475 | Test Acc: 55.76%
2025-10-10 08:09:51,845 - INFO - Learning Rate: 0.079389
2025-10-10 08:09:51,845 - INFO - GPU Memory: 0.78GB allocated
2025-10-10 08:09:51,845 - INFO - ------------------------------------------------------------

2025-10-10 08:10:31,705 - INFO - 
Epoch 17/100
2025-10-10 08:10:31,706 - INFO - Train Loss: 1.9868 | Train Acc: 61.14%
2025-10-10 08:10:31,706 - INFO - Test Loss: 2.1275 | Test Acc: 57.32%
2025-10-10 08:10:31,706 - INFO - Learning Rate: 0.072700
2025-10-10 08:10:31,706 - INFO - GPU Memory: 0.78GB allocated
2025-10-10 08:10:31,706 - INFO - ------------------------------------------------------------

2025-10-10 08:11:11,424 - INFO - 
Epoch 18/100
2025-10-10 08:11:11,424 - INFO - Train Loss: 1.9297 | Train Acc: 63.05%
2025-10-10 08:11:11,424 - INFO - Test Loss: 2.1762 | Test Acc: 56.15%
2025-10-10 08:11:11,424 - INFO - Learning Rate: 0.065451
2025-10-10 08:11:11,424 - INFO - GPU Memory: 0.78GB allocated
2025-10-10 08:11:11,424 - INFO - ------------------------------------------------------------

2025-10-10 08:11:51,750 - INFO - 
Epoch 19/100
2025-10-10 08:11:51,750 - INFO - Train Loss: 1.8531 | Train Acc: 65.32%
2025-10-10 08:11:51,750 - INFO - Test Loss: 2.0721 | Test Acc: 58.71%
2025-10-10 08:11:51,750 - INFO - Learning Rate: 0.057822
2025-10-10 08:11:51,750 - INFO - GPU Memory: 0.78GB allocated
2025-10-10 08:11:51,750 - INFO - ------------------------------------------------------------

2025-10-10 08:12:31,319 - INFO - 
Epoch 20/100
2025-10-10 08:12:31,319 - INFO - Train Loss: 1.7886 | Train Acc: 67.60%
2025-10-10 08:12:31,319 - INFO - Test Loss: 2.0299 | Test Acc: 60.22%
2025-10-10 08:12:31,319 - INFO - Learning Rate: 0.050001
2025-10-10 08:12:31,319 - INFO - GPU Memory: 0.78GB allocated
2025-10-10 08:12:31,576 - INFO - ------------------------------------------------------------

2025-10-10 08:13:11,117 - INFO - 
Epoch 21/100
2025-10-10 08:13:11,117 - INFO - Train Loss: 1.7099 | Train Acc: 69.92%
2025-10-10 08:13:11,117 - INFO - Test Loss: 1.9857 | Test Acc: 61.86%
2025-10-10 08:13:11,117 - INFO - Learning Rate: 0.042179
2025-10-10 08:13:11,118 - INFO - GPU Memory: 0.78GB allocated
2025-10-10 08:13:11,118 - INFO - ------------------------------------------------------------

2025-10-10 08:13:50,683 - INFO - 
Epoch 22/100
2025-10-10 08:13:50,683 - INFO - Train Loss: 1.6309 | Train Acc: 72.45%
2025-10-10 08:13:50,683 - INFO - Test Loss: 1.9288 | Test Acc: 63.51%
2025-10-10 08:13:50,683 - INFO - Learning Rate: 0.034550
2025-10-10 08:13:50,684 - INFO - GPU Memory: 0.78GB allocated
2025-10-10 08:13:50,985 - INFO - ✨ New best accuracy: 63.51%
2025-10-10 08:13:50,986 - INFO - ------------------------------------------------------------

2025-10-10 08:14:30,783 - INFO - 
Epoch 23/100
2025-10-10 08:14:30,783 - INFO - Train Loss: 1.5374 | Train Acc: 75.41%
2025-10-10 08:14:30,783 - INFO - Test Loss: 1.8630 | Test Acc: 65.84%
2025-10-10 08:14:30,783 - INFO - Learning Rate: 0.027301
2025-10-10 08:14:30,783 - INFO - GPU Memory: 0.78GB allocated
2025-10-10 08:14:31,123 - INFO - ✨ New best accuracy: 65.84%
2025-10-10 08:14:31,123 - INFO - ------------------------------------------------------------

2025-10-10 08:15:11,164 - INFO - 
Epoch 24/100
2025-10-10 08:15:11,165 - INFO - Train Loss: 1.4392 | Train Acc: 78.69%
2025-10-10 08:15:11,165 - INFO - Test Loss: 1.8097 | Test Acc: 67.17%
2025-10-10 08:15:11,165 - INFO - Learning Rate: 0.020612
2025-10-10 08:15:11,165 - INFO - GPU Memory: 0.78GB allocated
2025-10-10 08:15:11,531 - INFO - ✨ New best accuracy: 67.17%
2025-10-10 08:15:11,531 - INFO - ------------------------------------------------------------

2025-10-10 08:15:51,286 - INFO - 
Epoch 25/100
2025-10-10 08:15:51,286 - INFO - Train Loss: 1.3324 | Train Acc: 82.46%
2025-10-10 08:15:51,286 - INFO - Test Loss: 1.7273 | Test Acc: 69.38%
2025-10-10 08:15:51,286 - INFO - Learning Rate: 0.014646
2025-10-10 08:15:51,287 - INFO - GPU Memory: 0.78GB allocated
2025-10-10 08:15:51,581 - INFO - ✨ New best accuracy: 69.38%
2025-10-10 08:15:51,581 - INFO - ------------------------------------------------------------

2025-10-10 08:16:31,827 - INFO - 
Epoch 26/100
2025-10-10 08:16:31,828 - INFO - Train Loss: 1.2383 | Train Acc: 85.77%
2025-10-10 08:16:31,828 - INFO - Test Loss: 1.6815 | Test Acc: 71.07%
2025-10-10 08:16:31,828 - INFO - Learning Rate: 0.009550
2025-10-10 08:16:31,828 - INFO - GPU Memory: 0.78GB allocated
2025-10-10 08:16:32,246 - INFO - ✨ New best accuracy: 71.07%
2025-10-10 08:16:32,246 - INFO - ------------------------------------------------------------

2025-10-10 08:17:11,521 - INFO - 
Epoch 27/100
2025-10-10 08:17:11,521 - INFO - Train Loss: 1.1551 | Train Acc: 88.64%
2025-10-10 08:17:11,521 - INFO - Test Loss: 1.6650 | Test Acc: 71.45%
2025-10-10 08:17:11,521 - INFO - Learning Rate: 0.005451
2025-10-10 08:17:11,522 - INFO - GPU Memory: 0.78GB allocated
2025-10-10 08:17:11,922 - INFO - ✨ New best accuracy: 71.45%
2025-10-10 08:17:11,922 - INFO - ------------------------------------------------------------

2025-10-10 08:17:51,159 - INFO - 
Epoch 28/100
2025-10-10 08:17:51,159 - INFO - Train Loss: 1.0885 | Train Acc: 91.21%
2025-10-10 08:17:51,160 - INFO - Test Loss: 1.6145 | Test Acc: 72.95%
2025-10-10 08:17:51,160 - INFO - Learning Rate: 0.002448
2025-10-10 08:17:51,160 - INFO - GPU Memory: 0.78GB allocated
2025-10-10 08:17:51,588 - INFO - ✨ New best accuracy: 72.95%
2025-10-10 08:17:51,588 - INFO - ------------------------------------------------------------

2025-10-10 08:18:30,679 - INFO - 
Epoch 29/100
2025-10-10 08:18:30,679 - INFO - Train Loss: 1.0423 | Train Acc: 92.92%
2025-10-10 08:18:30,679 - INFO - Test Loss: 1.5996 | Test Acc: 73.66%
2025-10-10 08:18:30,679 - INFO - Learning Rate: 0.000617
2025-10-10 08:18:30,680 - INFO - GPU Memory: 0.78GB allocated
2025-10-10 08:18:31,178 - INFO - ✨ New best accuracy: 73.66%
2025-10-10 08:18:31,178 - INFO - 
🎉 Target accuracy 73.0% reached!
2025-10-10 08:18:31,635 - INFO - ------------------------------------------------------------

2025-10-10 08:19:10,649 - INFO - 
Epoch 30/100
2025-10-10 08:19:10,649 - INFO - Train Loss: 1.0209 | Train Acc: 93.60%
2025-10-10 08:19:10,649 - INFO - Test Loss: 1.5952 | Test Acc: 73.79%
2025-10-10 08:19:10,649 - INFO - Learning Rate: 0.100000
2025-10-10 08:19:10,650 - INFO - GPU Memory: 0.78GB allocated
2025-10-10 08:19:11,043 - INFO - ✨ New best accuracy: 73.79%
2025-10-10 08:19:11,044 - INFO - 
🎉 Target accuracy 73.0% reached!
2025-10-10 08:19:12,059 - INFO - ------------------------------------------------------------

2025-10-10 08:19:50,751 - INFO - 
Epoch 31/100
2025-10-10 08:19:50,751 - INFO - Train Loss: 2.1568 | Train Acc: 56.00%
2025-10-10 08:19:50,751 - INFO - Test Loss: 2.3973 | Test Acc: 49.78%
2025-10-10 08:19:50,751 - INFO - Learning Rate: 0.099846
2025-10-10 08:19:50,751 - INFO - GPU Memory: 0.78GB allocated
2025-10-10 08:19:50,751 - INFO - ------------------------------------------------------------

2025-10-10 08:20:29,630 - INFO - 
Epoch 32/100
2025-10-10 08:20:29,630 - INFO - Train Loss: 1.9957 | Train Acc: 60.91%
2025-10-10 08:20:29,630 - INFO - Test Loss: 2.2178 | Test Acc: 54.28%
2025-10-10 08:20:29,631 - INFO - Learning Rate: 0.099384
2025-10-10 08:20:29,631 - INFO - GPU Memory: 0.78GB allocated
2025-10-10 08:20:29,631 - INFO - ------------------------------------------------------------

2025-10-10 08:21:09,043 - INFO - 
Epoch 33/100
2025-10-10 08:21:09,043 - INFO - Train Loss: 1.9355 | Train Acc: 62.61%
2025-10-10 08:21:09,043 - INFO - Test Loss: 2.1680 | Test Acc: 56.67%
2025-10-10 08:21:09,043 - INFO - Learning Rate: 0.098619
2025-10-10 08:21:09,043 - INFO - GPU Memory: 0.78GB allocated
2025-10-10 08:21:09,044 - INFO - ------------------------------------------------------------

2025-10-10 08:21:48,943 - INFO - 
Epoch 34/100
2025-10-10 08:21:48,943 - INFO - Train Loss: 1.9070 | Train Acc: 63.68%
2025-10-10 08:21:48,943 - INFO - Test Loss: 2.1353 | Test Acc: 57.30%
2025-10-10 08:21:48,943 - INFO - Learning Rate: 0.097553
2025-10-10 08:21:48,943 - INFO - GPU Memory: 0.78GB allocated
2025-10-10 08:21:48,943 - INFO - ------------------------------------------------------------

2025-10-10 08:22:28,511 - INFO - 
Epoch 35/100
2025-10-10 08:22:28,512 - INFO - Train Loss: 1.8821 | Train Acc: 64.47%
2025-10-10 08:22:28,512 - INFO - Test Loss: 2.1835 | Test Acc: 56.26%
2025-10-10 08:22:28,512 - INFO - Learning Rate: 0.096194
2025-10-10 08:22:28,512 - INFO - GPU Memory: 0.78GB allocated
2025-10-10 08:22:28,512 - INFO - ------------------------------------------------------------

2025-10-10 08:23:08,028 - INFO - 
Epoch 36/100
2025-10-10 08:23:08,028 - INFO - Train Loss: 1.8594 | Train Acc: 65.24%
2025-10-10 08:23:08,028 - INFO - Test Loss: 2.0600 | Test Acc: 59.00%
2025-10-10 08:23:08,028 - INFO - Learning Rate: 0.094550
2025-10-10 08:23:08,029 - INFO - GPU Memory: 0.78GB allocated
2025-10-10 08:23:08,029 - INFO - ------------------------------------------------------------

2025-10-10 08:23:47,621 - INFO - 
Epoch 37/100
2025-10-10 08:23:47,621 - INFO - Train Loss: 1.8381 | Train Acc: 65.72%
2025-10-10 08:23:47,621 - INFO - Test Loss: 2.1455 | Test Acc: 57.42%
2025-10-10 08:23:47,621 - INFO - Learning Rate: 0.092632
2025-10-10 08:23:47,622 - INFO - GPU Memory: 0.78GB allocated
2025-10-10 08:23:47,622 - INFO - ------------------------------------------------------------

2025-10-10 08:24:26,899 - INFO - 
Epoch 38/100
2025-10-10 08:24:26,899 - INFO - Train Loss: 1.8321 | Train Acc: 65.78%
2025-10-10 08:24:26,899 - INFO - Test Loss: 2.1737 | Test Acc: 56.90%
2025-10-10 08:24:26,899 - INFO - Learning Rate: 0.090451
2025-10-10 08:24:26,899 - INFO - GPU Memory: 0.78GB allocated
2025-10-10 08:24:26,899 - INFO - ------------------------------------------------------------

2025-10-10 08:25:06,180 - INFO - 
Epoch 39/100
2025-10-10 08:25:06,180 - INFO - Train Loss: 1.8075 | Train Acc: 66.67%
2025-10-10 08:25:06,180 - INFO - Test Loss: 2.0352 | Test Acc: 60.03%
2025-10-10 08:25:06,180 - INFO - Learning Rate: 0.088020
2025-10-10 08:25:06,181 - INFO - GPU Memory: 0.78GB allocated
2025-10-10 08:25:06,181 - INFO - ------------------------------------------------------------

2025-10-10 08:25:45,696 - INFO - 
Epoch 40/100
2025-10-10 08:25:45,696 - INFO - Train Loss: 1.7889 | Train Acc: 67.27%
2025-10-10 08:25:45,696 - INFO - Test Loss: 2.1227 | Test Acc: 58.22%
2025-10-10 08:25:45,696 - INFO - Learning Rate: 0.085355
2025-10-10 08:25:45,696 - INFO - GPU Memory: 0.78GB allocated
2025-10-10 08:25:45,998 - INFO - ------------------------------------------------------------

2025-10-10 08:26:25,814 - INFO - 
Epoch 41/100
2025-10-10 08:26:25,814 - INFO - Train Loss: 1.7697 | Train Acc: 67.99%
2025-10-10 08:26:25,814 - INFO - Test Loss: 2.0656 | Test Acc: 58.77%
2025-10-10 08:26:25,814 - INFO - Learning Rate: 0.082473
2025-10-10 08:26:25,814 - INFO - GPU Memory: 0.78GB allocated
2025-10-10 08:26:25,814 - INFO - ------------------------------------------------------------

2025-10-10 08:27:05,176 - INFO - 
Epoch 42/100
2025-10-10 08:27:05,176 - INFO - Train Loss: 1.7450 | Train Acc: 68.47%
2025-10-10 08:27:05,176 - INFO - Test Loss: 2.0553 | Test Acc: 60.41%
2025-10-10 08:27:05,177 - INFO - Learning Rate: 0.079389
2025-10-10 08:27:05,177 - INFO - GPU Memory: 0.78GB allocated
2025-10-10 08:27:05,177 - INFO - ------------------------------------------------------------

2025-10-10 08:27:44,236 - INFO - 
Epoch 43/100
2025-10-10 08:27:44,236 - INFO - Train Loss: 1.7213 | Train Acc: 69.27%
2025-10-10 08:27:44,236 - INFO - Test Loss: 2.1382 | Test Acc: 57.88%
2025-10-10 08:27:44,236 - INFO - Learning Rate: 0.076125
2025-10-10 08:27:44,237 - INFO - GPU Memory: 0.78GB allocated
2025-10-10 08:27:44,237 - INFO - ------------------------------------------------------------

2025-10-10 08:28:23,105 - INFO - 
Epoch 44/100
2025-10-10 08:28:23,106 - INFO - Train Loss: 1.7004 | Train Acc: 70.11%
2025-10-10 08:28:23,106 - INFO - Test Loss: 1.9946 | Test Acc: 61.11%
2025-10-10 08:28:23,106 - INFO - Learning Rate: 0.072700
2025-10-10 08:28:23,106 - INFO - GPU Memory: 0.78GB allocated
2025-10-10 08:28:23,106 - INFO - ------------------------------------------------------------

2025-10-10 08:29:01,990 - INFO - 
Epoch 45/100
2025-10-10 08:29:01,990 - INFO - Train Loss: 1.6665 | Train Acc: 71.17%
2025-10-10 08:29:01,990 - INFO - Test Loss: 2.0368 | Test Acc: 60.84%
2025-10-10 08:29:01,991 - INFO - Learning Rate: 0.069134
2025-10-10 08:29:01,991 - INFO - GPU Memory: 0.78GB allocated
2025-10-10 08:29:01,991 - INFO - ------------------------------------------------------------

2025-10-10 08:29:41,001 - INFO - 
Epoch 46/100
2025-10-10 08:29:41,001 - INFO - Train Loss: 1.6437 | Train Acc: 71.86%
2025-10-10 08:29:41,001 - INFO - Test Loss: 1.9457 | Test Acc: 63.21%
2025-10-10 08:29:41,001 - INFO - Learning Rate: 0.065451
2025-10-10 08:29:41,002 - INFO - GPU Memory: 0.78GB allocated
2025-10-10 08:29:41,002 - INFO - ------------------------------------------------------------

2025-10-10 08:30:20,113 - INFO - 
Epoch 47/100
2025-10-10 08:30:20,113 - INFO - Train Loss: 1.6158 | Train Acc: 72.59%
2025-10-10 08:30:20,113 - INFO - Test Loss: 2.0106 | Test Acc: 61.14%
2025-10-10 08:30:20,113 - INFO - Learning Rate: 0.061673
2025-10-10 08:30:20,113 - INFO - GPU Memory: 0.78GB allocated
2025-10-10 08:30:20,114 - INFO - ------------------------------------------------------------

2025-10-10 08:30:59,240 - INFO - 
Epoch 48/100
2025-10-10 08:30:59,240 - INFO - Train Loss: 1.5766 | Train Acc: 74.33%
2025-10-10 08:30:59,240 - INFO - Test Loss: 1.9500 | Test Acc: 63.84%
2025-10-10 08:30:59,240 - INFO - Learning Rate: 0.057822
2025-10-10 08:30:59,241 - INFO - GPU Memory: 0.78GB allocated
2025-10-10 08:30:59,241 - INFO - ------------------------------------------------------------

2025-10-10 08:31:38,986 - INFO - 
Epoch 49/100
2025-10-10 08:31:38,986 - INFO - Train Loss: 1.5508 | Train Acc: 75.05%
2025-10-10 08:31:38,986 - INFO - Test Loss: 1.9128 | Test Acc: 64.73%
2025-10-10 08:31:38,986 - INFO - Learning Rate: 0.053923
2025-10-10 08:31:38,986 - INFO - GPU Memory: 0.78GB allocated
2025-10-10 08:31:38,986 - INFO - ------------------------------------------------------------

2025-10-10 08:32:17,805 - INFO - 
Epoch 50/100
2025-10-10 08:32:17,805 - INFO - Train Loss: 1.5131 | Train Acc: 76.05%
2025-10-10 08:32:17,805 - INFO - Test Loss: 1.8747 | Test Acc: 64.92%
2025-10-10 08:32:17,805 - INFO - Learning Rate: 0.050001
2025-10-10 08:32:17,805 - INFO - GPU Memory: 0.78GB allocated
2025-10-10 08:32:18,049 - INFO - ------------------------------------------------------------

2025-10-10 08:32:56,832 - INFO - 
Epoch 51/100
2025-10-10 08:32:56,833 - INFO - Train Loss: 1.4733 | Train Acc: 77.21%
2025-10-10 08:32:56,833 - INFO - Test Loss: 1.8920 | Test Acc: 64.43%
2025-10-10 08:32:56,833 - INFO - Learning Rate: 0.046078
2025-10-10 08:32:56,833 - INFO - GPU Memory: 0.78GB allocated
2025-10-10 08:32:56,833 - INFO - ------------------------------------------------------------

2025-10-10 08:33:36,169 - INFO - 
Epoch 52/100
2025-10-10 08:33:36,169 - INFO - Train Loss: 1.4367 | Train Acc: 78.80%
2025-10-10 08:33:36,169 - INFO - Test Loss: 1.8610 | Test Acc: 65.75%
2025-10-10 08:33:36,169 - INFO - Learning Rate: 0.042179
2025-10-10 08:33:36,170 - INFO - GPU Memory: 0.78GB allocated
2025-10-10 08:33:36,170 - INFO - ------------------------------------------------------------

2025-10-10 08:34:15,110 - INFO - 
Epoch 53/100
2025-10-10 08:34:15,110 - INFO - Train Loss: 1.3942 | Train Acc: 79.85%
2025-10-10 08:34:15,110 - INFO - Test Loss: 1.8429 | Test Acc: 66.23%
2025-10-10 08:34:15,110 - INFO - Learning Rate: 0.038328
2025-10-10 08:34:15,111 - INFO - GPU Memory: 0.78GB allocated
2025-10-10 08:34:15,111 - INFO - ------------------------------------------------------------

2025-10-10 08:34:54,049 - INFO - 
Epoch 54/100
2025-10-10 08:34:54,050 - INFO - Train Loss: 1.3567 | Train Acc: 81.29%
2025-10-10 08:34:54,050 - INFO - Test Loss: 1.8155 | Test Acc: 67.28%
2025-10-10 08:34:54,050 - INFO - Learning Rate: 0.034550
2025-10-10 08:34:54,050 - INFO - GPU Memory: 0.78GB allocated
2025-10-10 08:34:54,050 - INFO - ------------------------------------------------------------

2025-10-10 08:35:32,844 - INFO - 
Epoch 55/100
2025-10-10 08:35:32,844 - INFO - Train Loss: 1.3108 | Train Acc: 82.95%
2025-10-10 08:35:32,844 - INFO - Test Loss: 1.8092 | Test Acc: 67.73%
2025-10-10 08:35:32,844 - INFO - Learning Rate: 0.030867
2025-10-10 08:35:32,844 - INFO - GPU Memory: 0.78GB allocated
2025-10-10 08:35:32,844 - INFO - ------------------------------------------------------------

2025-10-10 08:36:12,254 - INFO - 
Epoch 56/100
2025-10-10 08:36:12,254 - INFO - Train Loss: 1.2512 | Train Acc: 85.01%
2025-10-10 08:36:12,254 - INFO - Test Loss: 1.7887 | Test Acc: 68.08%
2025-10-10 08:36:12,254 - INFO - Learning Rate: 0.027301
2025-10-10 08:36:12,255 - INFO - GPU Memory: 0.78GB allocated
2025-10-10 08:36:12,255 - INFO - ------------------------------------------------------------

2025-10-10 08:36:51,198 - INFO - 
Epoch 57/100
2025-10-10 08:36:51,198 - INFO - Train Loss: 1.2148 | Train Acc: 86.07%
2025-10-10 08:36:51,198 - INFO - Test Loss: 1.7508 | Test Acc: 69.72%
2025-10-10 08:36:51,198 - INFO - Learning Rate: 0.023876
2025-10-10 08:36:51,198 - INFO - GPU Memory: 0.78GB allocated
2025-10-10 08:36:51,198 - INFO - ------------------------------------------------------------

2025-10-10 08:37:30,318 - INFO - 
Epoch 58/100
2025-10-10 08:37:30,318 - INFO - Train Loss: 1.1584 | Train Acc: 88.18%
2025-10-10 08:37:30,318 - INFO - Test Loss: 1.7654 | Test Acc: 69.62%
2025-10-10 08:37:30,318 - INFO - Learning Rate: 0.020612
2025-10-10 08:37:30,318 - INFO - GPU Memory: 0.78GB allocated
2025-10-10 08:37:30,318 - INFO - ------------------------------------------------------------

2025-10-10 08:38:09,207 - INFO - 
Epoch 59/100
2025-10-10 08:38:09,207 - INFO - Train Loss: 1.1166 | Train Acc: 89.63%
2025-10-10 08:38:09,207 - INFO - Test Loss: 1.7172 | Test Acc: 70.72%
2025-10-10 08:38:09,207 - INFO - Learning Rate: 0.017528
2025-10-10 08:38:09,207 - INFO - GPU Memory: 0.78GB allocated
2025-10-10 08:38:09,207 - INFO - ------------------------------------------------------------

2025-10-10 08:38:48,094 - INFO - 
Epoch 60/100
2025-10-10 08:38:48,094 - INFO - Train Loss: 1.0706 | Train Acc: 91.16%
2025-10-10 08:38:48,094 - INFO - Test Loss: 1.6745 | Test Acc: 72.24%
2025-10-10 08:38:48,094 - INFO - Learning Rate: 0.014646
2025-10-10 08:38:48,094 - INFO - GPU Memory: 0.78GB allocated
2025-10-10 08:38:48,324 - INFO - ------------------------------------------------------------

2025-10-10 08:39:27,344 - INFO - 
Epoch 61/100
2025-10-10 08:39:27,344 - INFO - Train Loss: 1.0315 | Train Acc: 92.56%
2025-10-10 08:39:27,344 - INFO - Test Loss: 1.6503 | Test Acc: 72.70%
2025-10-10 08:39:27,344 - INFO - Learning Rate: 0.011981
2025-10-10 08:39:27,345 - INFO - GPU Memory: 0.78GB allocated
2025-10-10 08:39:27,345 - INFO - ------------------------------------------------------------

2025-10-10 08:40:06,395 - INFO - 
Epoch 62/100
2025-10-10 08:40:06,395 - INFO - Train Loss: 0.9853 | Train Acc: 94.19%
2025-10-10 08:40:06,395 - INFO - Test Loss: 1.6200 | Test Acc: 73.84%
2025-10-10 08:40:06,395 - INFO - Learning Rate: 0.009550
2025-10-10 08:40:06,395 - INFO - GPU Memory: 0.78GB allocated
2025-10-10 08:40:06,694 - INFO - ✨ New best accuracy: 73.84%
2025-10-10 08:40:06,694 - INFO - 
🎉 Target accuracy 73.0% reached!
2025-10-10 08:40:07,182 - INFO - ------------------------------------------------------------

2025-10-10 08:40:46,704 - INFO - 
Epoch 63/100
2025-10-10 08:40:46,704 - INFO - Train Loss: 0.9594 | Train Acc: 95.14%
2025-10-10 08:40:46,705 - INFO - Test Loss: 1.5993 | Test Acc: 74.01%
2025-10-10 08:40:46,705 - INFO - Learning Rate: 0.007369
2025-10-10 08:40:46,705 - INFO - GPU Memory: 0.78GB allocated
2025-10-10 08:40:47,096 - INFO - ✨ New best accuracy: 74.01%
2025-10-10 08:40:47,096 - INFO - 
🎉 Target accuracy 73.0% reached!
2025-10-10 08:40:47,474 - INFO - ------------------------------------------------------------

2025-10-10 08:41:26,417 - INFO - 
Epoch 64/100
2025-10-10 08:41:26,417 - INFO - Train Loss: 0.9288 | Train Acc: 96.12%
2025-10-10 08:41:26,417 - INFO - Test Loss: 1.5849 | Test Acc: 74.92%
2025-10-10 08:41:26,417 - INFO - Learning Rate: 0.005451
2025-10-10 08:41:26,417 - INFO - GPU Memory: 0.78GB allocated
2025-10-10 08:41:26,718 - INFO - ✨ New best accuracy: 74.92%
2025-10-10 08:41:26,718 - INFO - 
🎉 Target accuracy 73.0% reached!
2025-10-10 08:41:27,057 - INFO - ------------------------------------------------------------

2025-10-10 08:42:06,146 - INFO - 
Epoch 65/100
2025-10-10 08:42:06,146 - INFO - Train Loss: 0.9103 | Train Acc: 96.74%
2025-10-10 08:42:06,147 - INFO - Test Loss: 1.5736 | Test Acc: 75.10%
2025-10-10 08:42:06,147 - INFO - Learning Rate: 0.003807
2025-10-10 08:42:06,147 - INFO - GPU Memory: 0.78GB allocated
2025-10-10 08:42:06,513 - INFO - ✨ New best accuracy: 75.10%
2025-10-10 08:42:06,513 - INFO - 
🎉 Target accuracy 73.0% reached!
2025-10-10 08:42:06,967 - INFO - ------------------------------------------------------------

2025-10-10 08:42:46,099 - INFO - 
Epoch 66/100
2025-10-10 08:42:46,099 - INFO - Train Loss: 0.8925 | Train Acc: 97.25%
2025-10-10 08:42:46,099 - INFO - Test Loss: 1.5762 | Test Acc: 75.34%
2025-10-10 08:42:46,099 - INFO - Learning Rate: 0.002448
2025-10-10 08:42:46,099 - INFO - GPU Memory: 0.78GB allocated
2025-10-10 08:42:46,417 - INFO - ✨ New best accuracy: 75.34%
2025-10-10 08:42:46,418 - INFO - 
🎉 Target accuracy 73.0% reached!
2025-10-10 08:42:46,761 - INFO - ------------------------------------------------------------

2025-10-10 08:43:26,185 - INFO - 
Epoch 67/100
2025-10-10 08:43:26,185 - INFO - Train Loss: 0.8837 | Train Acc: 97.56%
2025-10-10 08:43:26,185 - INFO - Test Loss: 1.5552 | Test Acc: 75.84%
2025-10-10 08:43:26,185 - INFO - Learning Rate: 0.001382
2025-10-10 08:43:26,186 - INFO - GPU Memory: 0.78GB allocated
2025-10-10 08:43:26,480 - INFO - ✨ New best accuracy: 75.84%
2025-10-10 08:43:26,480 - INFO - 
🎉 Target accuracy 73.0% reached!
2025-10-10 08:43:26,891 - INFO - ------------------------------------------------------------

2025-10-10 08:44:06,410 - INFO - 
Epoch 68/100
2025-10-10 08:44:06,410 - INFO - Train Loss: 0.8727 | Train Acc: 97.96%
2025-10-10 08:44:06,410 - INFO - Test Loss: 1.5551 | Test Acc: 75.90%
2025-10-10 08:44:06,410 - INFO - Learning Rate: 0.000617
2025-10-10 08:44:06,410 - INFO - GPU Memory: 0.78GB allocated
2025-10-10 08:44:06,781 - INFO - ✨ New best accuracy: 75.90%
2025-10-10 08:44:06,782 - INFO - 
🎉 Target accuracy 73.0% reached!
2025-10-10 08:44:07,139 - INFO - ------------------------------------------------------------

2025-10-10 08:44:46,488 - INFO - 
Epoch 69/100
2025-10-10 08:44:46,488 - INFO - Train Loss: 0.8703 | Train Acc: 97.97%
2025-10-10 08:44:46,488 - INFO - Test Loss: 1.5510 | Test Acc: 76.25%
2025-10-10 08:44:46,489 - INFO - Learning Rate: 0.000155
2025-10-10 08:44:46,489 - INFO - GPU Memory: 0.78GB allocated
2025-10-10 08:44:46,766 - INFO - ✨ New best accuracy: 76.25%
2025-10-10 08:44:46,766 - INFO - 
🎉 Target accuracy 73.0% reached!
2025-10-10 08:44:49,069 - INFO - ------------------------------------------------------------

2025-10-10 08:45:28,418 - INFO - 
Epoch 70/100
2025-10-10 08:45:28,418 - INFO - Train Loss: 0.8668 | Train Acc: 98.14%
2025-10-10 08:45:28,418 - INFO - Test Loss: 1.5530 | Test Acc: 75.92%
2025-10-10 08:45:28,418 - INFO - Learning Rate: 0.100000
2025-10-10 08:45:28,418 - INFO - GPU Memory: 0.78GB allocated
2025-10-10 08:45:28,418 - INFO - 
🎉 Target accuracy 73.0% reached!
2025-10-10 08:45:29,229 - INFO - ------------------------------------------------------------

2025-10-10 08:46:09,024 - INFO - 
Epoch 71/100
2025-10-10 08:46:09,024 - INFO - Train Loss: 2.1639 | Train Acc: 56.07%
2025-10-10 08:46:09,024 - INFO - Test Loss: 2.2548 | Test Acc: 54.27%
2025-10-10 08:46:09,024 - INFO - Learning Rate: 0.099961
2025-10-10 08:46:09,024 - INFO - GPU Memory: 0.78GB allocated
2025-10-10 08:46:09,024 - INFO - ------------------------------------------------------------

2025-10-10 08:46:49,162 - INFO - 
Epoch 72/100
2025-10-10 08:46:49,162 - INFO - Train Loss: 1.9329 | Train Acc: 62.67%
2025-10-10 08:46:49,162 - INFO - Test Loss: 2.3237 | Test Acc: 53.14%
2025-10-10 08:46:49,162 - INFO - Learning Rate: 0.099846
2025-10-10 08:46:49,163 - INFO - GPU Memory: 0.78GB allocated
2025-10-10 08:46:49,163 - INFO - ------------------------------------------------------------

2025-10-10 08:47:29,089 - INFO - 
Epoch 73/100
2025-10-10 08:47:29,089 - INFO - Train Loss: 1.8539 | Train Acc: 65.48%
2025-10-10 08:47:29,089 - INFO - Test Loss: 2.0583 | Test Acc: 59.90%
2025-10-10 08:47:29,089 - INFO - Learning Rate: 0.099653
2025-10-10 08:47:29,090 - INFO - GPU Memory: 0.78GB allocated
2025-10-10 08:47:29,090 - INFO - ------------------------------------------------------------

2025-10-10 08:48:08,866 - INFO - 
Epoch 74/100
2025-10-10 08:48:08,866 - INFO - Train Loss: 1.8131 | Train Acc: 66.62%
2025-10-10 08:48:08,866 - INFO - Test Loss: 2.1147 | Test Acc: 57.98%
2025-10-10 08:48:08,866 - INFO - Learning Rate: 0.099384
2025-10-10 08:48:08,866 - INFO - GPU Memory: 0.78GB allocated
2025-10-10 08:48:08,866 - INFO - ------------------------------------------------------------

2025-10-10 08:48:48,538 - INFO - 
Epoch 75/100
2025-10-10 08:48:48,538 - INFO - Train Loss: 1.7930 | Train Acc: 67.20%
2025-10-10 08:48:48,538 - INFO - Test Loss: 2.0015 | Test Acc: 61.12%
2025-10-10 08:48:48,538 - INFO - Learning Rate: 0.099039
2025-10-10 08:48:48,538 - INFO - GPU Memory: 0.78GB allocated
2025-10-10 08:48:48,538 - INFO - ------------------------------------------------------------

2025-10-10 08:49:28,144 - INFO - 
Epoch 76/100
2025-10-10 08:49:28,144 - INFO - Train Loss: 1.7892 | Train Acc: 67.43%
2025-10-10 08:49:28,144 - INFO - Test Loss: 2.0980 | Test Acc: 58.77%
2025-10-10 08:49:28,144 - INFO - Learning Rate: 0.098619
2025-10-10 08:49:28,144 - INFO - GPU Memory: 0.78GB allocated
2025-10-10 08:49:28,144 - INFO - ------------------------------------------------------------

2025-10-10 08:50:07,570 - INFO - 
Epoch 77/100
2025-10-10 08:50:07,570 - INFO - Train Loss: 1.7758 | Train Acc: 67.68%
2025-10-10 08:50:07,570 - INFO - Test Loss: 2.0302 | Test Acc: 60.70%
2025-10-10 08:50:07,571 - INFO - Learning Rate: 0.098123
2025-10-10 08:50:07,571 - INFO - GPU Memory: 0.78GB allocated
2025-10-10 08:50:07,571 - INFO - ------------------------------------------------------------

2025-10-10 08:50:47,816 - INFO - 
Epoch 78/100
2025-10-10 08:50:47,817 - INFO - Train Loss: 1.7612 | Train Acc: 68.23%
2025-10-10 08:50:47,817 - INFO - Test Loss: 2.1696 | Test Acc: 56.96%
2025-10-10 08:50:47,817 - INFO - Learning Rate: 0.097553
2025-10-10 08:50:47,817 - INFO - GPU Memory: 0.78GB allocated
2025-10-10 08:50:47,817 - INFO - ------------------------------------------------------------

2025-10-10 08:51:27,455 - INFO - 
Epoch 79/100
2025-10-10 08:51:27,455 - INFO - Train Loss: 1.7590 | Train Acc: 68.26%
2025-10-10 08:51:27,455 - INFO - Test Loss: 2.0959 | Test Acc: 58.84%
2025-10-10 08:51:27,455 - INFO - Learning Rate: 0.096910
2025-10-10 08:51:27,455 - INFO - GPU Memory: 0.78GB allocated
2025-10-10 08:51:27,455 - INFO - ------------------------------------------------------------

2025-10-10 08:52:07,027 - INFO - 
Epoch 80/100
2025-10-10 08:52:07,027 - INFO - Train Loss: 1.7533 | Train Acc: 68.62%
2025-10-10 08:52:07,027 - INFO - Test Loss: 1.9521 | Test Acc: 62.56%
2025-10-10 08:52:07,027 - INFO - Learning Rate: 0.096194
2025-10-10 08:52:07,027 - INFO - GPU Memory: 0.78GB allocated
2025-10-10 08:52:07,555 - INFO - ------------------------------------------------------------

2025-10-10 08:52:46,983 - INFO - 
Epoch 81/100
2025-10-10 08:52:46,983 - INFO - Train Loss: 1.7485 | Train Acc: 68.41%
2025-10-10 08:52:46,983 - INFO - Test Loss: 1.9977 | Test Acc: 61.71%
2025-10-10 08:52:46,983 - INFO - Learning Rate: 0.095407
2025-10-10 08:52:46,984 - INFO - GPU Memory: 0.78GB allocated
2025-10-10 08:52:46,984 - INFO - ------------------------------------------------------------

2025-10-10 08:53:26,530 - INFO - 
Epoch 82/100
2025-10-10 08:53:26,530 - INFO - Train Loss: 1.7428 | Train Acc: 68.79%
2025-10-10 08:53:26,530 - INFO - Test Loss: 2.0495 | Test Acc: 59.71%
2025-10-10 08:53:26,530 - INFO - Learning Rate: 0.094550
2025-10-10 08:53:26,531 - INFO - GPU Memory: 0.78GB allocated
2025-10-10 08:53:26,531 - INFO - ------------------------------------------------------------

2025-10-10 08:54:06,178 - INFO - 
Epoch 83/100
2025-10-10 08:54:06,178 - INFO - Train Loss: 1.7410 | Train Acc: 68.59%
2025-10-10 08:54:06,179 - INFO - Test Loss: 2.1018 | Test Acc: 58.98%
2025-10-10 08:54:06,179 - INFO - Learning Rate: 0.093625
2025-10-10 08:54:06,179 - INFO - GPU Memory: 0.78GB allocated
2025-10-10 08:54:06,179 - INFO - ------------------------------------------------------------

2025-10-10 08:54:45,933 - INFO - 
Epoch 84/100
2025-10-10 08:54:45,933 - INFO - Train Loss: 1.7343 | Train Acc: 68.95%
2025-10-10 08:54:45,933 - INFO - Test Loss: 2.0181 | Test Acc: 60.90%
2025-10-10 08:54:45,933 - INFO - Learning Rate: 0.092632
2025-10-10 08:54:45,934 - INFO - GPU Memory: 0.78GB allocated
2025-10-10 08:54:45,934 - INFO - ------------------------------------------------------------

2025-10-10 08:55:25,547 - INFO - 
Epoch 85/100
2025-10-10 08:55:25,547 - INFO - Train Loss: 1.7173 | Train Acc: 69.47%
2025-10-10 08:55:25,547 - INFO - Test Loss: 2.0001 | Test Acc: 61.68%
2025-10-10 08:55:25,547 - INFO - Learning Rate: 0.091574
2025-10-10 08:55:25,548 - INFO - GPU Memory: 0.78GB allocated
2025-10-10 08:55:25,548 - INFO - ------------------------------------------------------------

2025-10-10 08:56:05,313 - INFO - 
Epoch 86/100
2025-10-10 08:56:05,314 - INFO - Train Loss: 1.7158 | Train Acc: 69.52%
2025-10-10 08:56:05,314 - INFO - Test Loss: 1.9862 | Test Acc: 61.56%
2025-10-10 08:56:05,314 - INFO - Learning Rate: 0.090451
2025-10-10 08:56:05,314 - INFO - GPU Memory: 0.78GB allocated
2025-10-10 08:56:05,314 - INFO - ------------------------------------------------------------

2025-10-10 08:56:44,815 - INFO - 
Epoch 87/100
2025-10-10 08:56:44,815 - INFO - Train Loss: 1.7038 | Train Acc: 69.95%
2025-10-10 08:56:44,815 - INFO - Test Loss: 2.0769 | Test Acc: 60.04%
2025-10-10 08:56:44,816 - INFO - Learning Rate: 0.089266
2025-10-10 08:56:44,816 - INFO - GPU Memory: 0.78GB allocated
2025-10-10 08:56:44,816 - INFO - ------------------------------------------------------------

2025-10-10 08:57:24,263 - INFO - 
Epoch 88/100
2025-10-10 08:57:24,264 - INFO - Train Loss: 1.6985 | Train Acc: 70.11%
2025-10-10 08:57:24,264 - INFO - Test Loss: 2.0373 | Test Acc: 60.44%
2025-10-10 08:57:24,264 - INFO - Learning Rate: 0.088020
2025-10-10 08:57:24,264 - INFO - GPU Memory: 0.78GB allocated
2025-10-10 08:57:24,264 - INFO - ------------------------------------------------------------

2025-10-10 08:58:03,976 - INFO - 
Epoch 89/100
2025-10-10 08:58:03,977 - INFO - Train Loss: 1.6845 | Train Acc: 70.31%
2025-10-10 08:58:03,977 - INFO - Test Loss: 1.9984 | Test Acc: 61.61%
2025-10-10 08:58:03,977 - INFO - Learning Rate: 0.086716
2025-10-10 08:58:03,977 - INFO - GPU Memory: 0.78GB allocated
2025-10-10 08:58:03,977 - INFO - ------------------------------------------------------------

2025-10-10 08:58:43,436 - INFO - 
Epoch 90/100
2025-10-10 08:58:43,437 - INFO - Train Loss: 1.6821 | Train Acc: 70.65%
2025-10-10 08:58:43,437 - INFO - Test Loss: 1.9713 | Test Acc: 62.07%
2025-10-10 08:58:43,437 - INFO - Learning Rate: 0.085355
2025-10-10 08:58:43,437 - INFO - GPU Memory: 0.78GB allocated
2025-10-10 08:58:43,695 - INFO - ------------------------------------------------------------

2025-10-10 08:59:23,312 - INFO - 
Epoch 91/100
2025-10-10 08:59:23,312 - INFO - Train Loss: 1.6750 | Train Acc: 70.59%
2025-10-10 08:59:23,312 - INFO - Test Loss: 1.9712 | Test Acc: 62.21%
2025-10-10 08:59:23,312 - INFO - Learning Rate: 0.083940
2025-10-10 08:59:23,312 - INFO - GPU Memory: 0.78GB allocated
2025-10-10 08:59:23,312 - INFO - ------------------------------------------------------------

2025-10-10 09:00:02,715 - INFO - 
Epoch 92/100
2025-10-10 09:00:02,715 - INFO - Train Loss: 1.6627 | Train Acc: 70.98%
2025-10-10 09:00:02,715 - INFO - Test Loss: 1.9458 | Test Acc: 62.77%
2025-10-10 09:00:02,715 - INFO - Learning Rate: 0.082473
2025-10-10 09:00:02,716 - INFO - GPU Memory: 0.78GB allocated
2025-10-10 09:00:02,716 - INFO - ------------------------------------------------------------

2025-10-10 09:00:42,941 - INFO - 
Epoch 93/100
2025-10-10 09:00:42,941 - INFO - Train Loss: 1.6507 | Train Acc: 71.55%
2025-10-10 09:00:42,941 - INFO - Test Loss: 1.9726 | Test Acc: 62.49%
2025-10-10 09:00:42,941 - INFO - Learning Rate: 0.080955
2025-10-10 09:00:42,941 - INFO - GPU Memory: 0.78GB allocated
2025-10-10 09:00:42,942 - INFO - ------------------------------------------------------------

2025-10-10 09:01:22,395 - INFO - 
Epoch 94/100
2025-10-10 09:01:22,395 - INFO - Train Loss: 1.6395 | Train Acc: 71.93%
2025-10-10 09:01:22,395 - INFO - Test Loss: 1.9612 | Test Acc: 62.91%
2025-10-10 09:01:22,395 - INFO - Learning Rate: 0.079389
2025-10-10 09:01:22,396 - INFO - GPU Memory: 0.78GB allocated
2025-10-10 09:01:22,396 - INFO - ------------------------------------------------------------

2025-10-10 09:02:01,817 - INFO - 
Epoch 95/100
2025-10-10 09:02:01,817 - INFO - Train Loss: 1.6278 | Train Acc: 72.38%
2025-10-10 09:02:01,817 - INFO - Test Loss: 2.0106 | Test Acc: 61.90%
2025-10-10 09:02:01,818 - INFO - Learning Rate: 0.077779
2025-10-10 09:02:01,818 - INFO - GPU Memory: 0.78GB allocated
2025-10-10 09:02:01,818 - INFO - ------------------------------------------------------------

2025-10-10 09:02:41,377 - INFO - 
Epoch 96/100
2025-10-10 09:02:41,377 - INFO - Train Loss: 1.6247 | Train Acc: 72.50%
2025-10-10 09:02:41,377 - INFO - Test Loss: 1.9735 | Test Acc: 62.53%
2025-10-10 09:02:41,377 - INFO - Learning Rate: 0.076125
2025-10-10 09:02:41,378 - INFO - GPU Memory: 0.78GB allocated
2025-10-10 09:02:41,378 - INFO - ------------------------------------------------------------

2025-10-10 09:03:20,988 - INFO - 
Epoch 97/100
2025-10-10 09:03:20,989 - INFO - Train Loss: 1.6127 | Train Acc: 72.80%
2025-10-10 09:03:20,989 - INFO - Test Loss: 2.0087 | Test Acc: 61.00%
2025-10-10 09:03:20,989 - INFO - Learning Rate: 0.074431
2025-10-10 09:03:20,989 - INFO - GPU Memory: 0.78GB allocated
2025-10-10 09:03:20,989 - INFO - ------------------------------------------------------------

2025-10-10 09:04:00,367 - INFO - 
Epoch 98/100
2025-10-10 09:04:00,367 - INFO - Train Loss: 1.5944 | Train Acc: 73.33%
2025-10-10 09:04:00,368 - INFO - Test Loss: 1.9415 | Test Acc: 63.67%
2025-10-10 09:04:00,368 - INFO - Learning Rate: 0.072700
2025-10-10 09:04:00,368 - INFO - GPU Memory: 0.78GB allocated
2025-10-10 09:04:00,368 - INFO - ------------------------------------------------------------

2025-10-10 09:04:39,767 - INFO - 
Epoch 99/100
2025-10-10 09:04:39,767 - INFO - Train Loss: 1.5852 | Train Acc: 73.68%
2025-10-10 09:04:39,767 - INFO - Test Loss: 1.9833 | Test Acc: 62.33%
2025-10-10 09:04:39,767 - INFO - Learning Rate: 0.070933
2025-10-10 09:04:39,767 - INFO - GPU Memory: 0.78GB allocated
2025-10-10 09:04:39,767 - INFO - ------------------------------------------------------------

2025-10-10 09:05:19,478 - INFO - 
Epoch 100/100
2025-10-10 09:05:19,478 - INFO - Train Loss: 1.5738 | Train Acc: 74.26%
2025-10-10 09:05:19,478 - INFO - Test Loss: 1.9068 | Test Acc: 64.44%
2025-10-10 09:05:19,479 - INFO - Learning Rate: 0.069134
2025-10-10 09:05:19,479 - INFO - GPU Memory: 0.78GB allocated
2025-10-10 09:05:19,888 - INFO - ------------------------------------------------------------

2025-10-10 09:05:19,888 - INFO - 
============================================================
2025-10-10 09:05:19,888 - INFO - Training Complete!
2025-10-10 09:05:19,888 - INFO - ============================================================
2025-10-10 09:05:19,888 - INFO - Total training time: 1.11 hours
2025-10-10 09:05:19,888 - INFO - Average time per epoch: 0.66 minutes
2025-10-10 09:05:19,888 - INFO - Best test accuracy: 76.25%
2025-10-10 09:05:19,888 - INFO - Target accuracy (73.0%): ✅ REACHED
2025-10-10 09:05:19,889 - INFO - ============================================================

2025-10-10 09:05:21,713 - INFO - ✅ GPU-optimized training results saved!
